Last login: Sun Jan 22 10:45:11 on ttys003
rkshaikh@Khalids-MacBook-12:~$ rvm use 2.0.0
cd pro	Using /Users/kshaikh/.rvm/gems/ruby-2.0.0-p648

ls -l
kshaikh@Khalids-MacBook-12:~$ cd projects/
kshaikh@Khalids-MacBook-12:~/projects$ ls -l
total 0
drwxr-xr-x   5 kshaikh  staff  170 Jan 20 14:16 boeing
drwxr-xr-x@ 19 kshaikh  staff  646 Jan 22 10:40 pingpong-master
drwxr-xr-x  18 kshaikh  staff  612 Jan 22 10:14 rails501
kshaikh@Khalids-MacBook-12:~/projects$ cd pingpong-master/
kshaikh@Khalids-MacBook-12:~/projects/pingpong-master$ bundle
Fetching gem metadata from https://rubygems.org/..........
Fetching version metadata from https://rubygems.org/..
Fetching dependency metadata from https://rubygems.org/.
Using rake 10.4.2
Using i18n 0.7.0
Using json 1.8.3
Using minitest 5.8.3
Using thread_safe 0.3.5
Using builder 3.2.2
Using erubis 2.7.0
Using mini_portile 0.6.2
Using rack 1.6.4
Using mime-types 2.6.2
Using arel 6.0.3
Using bcrypt 3.1.10
Using debug_inspector 0.0.2
Using byebug 8.2.0
Using coffee-script-source 1.10.0
Using execjs 2.6.0
Using thor 0.19.1
Using orm_adapter 0.5.0
Using devise-bootstrap-views 0.0.6
Using bundler 1.14.1
Using sass 3.4.19
Using tilt 2.0.1
Using spring 1.4.4
Using sqlite3 1.3.11
Using tzinfo 1.2.2
Installing nokogiri 1.6.6.3 with native extensions
Using rack-test 0.6.3
Using warden 1.2.3
Using sprockets 3.4.0
Using mail 2.6.3
Using binding_of_caller 0.7.2
Using coffee-script 2.4.1
Using uglifier 2.7.2
Using activesupport 4.2.3
Gem::Ext::BuildError: ERROR: Failed to build gem native extension.

current directory:
/Users/kshaikh/.rvm/gems/ruby-2.0.0-p648/gems/nokogiri-1.6.6.3/ext/nokogiri
/Users/kshaikh/.rvm/rubies/ruby-2.0.0-p648/bin/ruby -r
./siteconf20170122-56623-1px3odu.rb extconf.rb --use-system-libraries
checking if the C compiler accepts ... yes
checking if the C compiler accepts
-Wno-error=unused-command-line-argument-hard-error-in-future... no
Building nokogiri using system libraries.
libxml2 version 2.6.21 or later is required!
*** extconf.rb failed ***
Could not create Makefile due to some reason, probably lack of necessary
libraries and/or headers.  Check the mkmf.log file for more details.  You may
need configuration options.

Provided configuration options:
	--with-opt-dir
	--with-opt-include
	--without-opt-include=${opt-dir}/include
	--with-opt-lib
	--without-opt-lib=${opt-dir}/lib
	--with-make-prog
	--without-make-prog
	--srcdir=.
	--curdir
	--ruby=/Users/kshaikh/.rvm/rubies/ruby-2.0.0-p648/bin/ruby
	--help
	--clean
	--use-system-libraries
	--with-zlib-dir
	--without-zlib-dir
	--with-zlib-include
	--without-zlib-include=${zlib-dir}/include
	--with-zlib-lib
	--without-zlib-lib=${zlib-dir}/lib
	--with-xml2-dir
	--without-xml2-dir
	--with-xml2-include
	--without-xml2-include=${xml2-dir}/include
	--with-xml2-lib
	--without-xml2-lib=${xml2-dir}/lib
	--with-libxml-2.0-config
	--without-libxml-2.0-config
	--with-pkg-config
	--without-pkg-config
	--with-xslt-dir
	--without-xslt-dir
	--with-xslt-include
	--without-xslt-include=${xslt-dir}/include
	--with-xslt-lib
	--without-xslt-lib=${xslt-dir}/lib
	--with-libxslt-config
	--without-libxslt-config
	--with-exslt-dir
	--without-exslt-dir
	--with-exslt-include
	--without-exslt-include=${exslt-dir}/include
	--with-exslt-lib
	--without-exslt-lib=${exslt-dir}/lib
	--with-libexslt-config
	--without-libexslt-config

To see why this extension failed to compile, please check the mkmf.log which can
be found here:

/Users/kshaikh/.rvm/gems/ruby-2.0.0-p648/extensions/x86_64-darwin-16/2.0.0/nokogiri-1.6.6.3/mkmf.log

extconf failed, exit code 1

Gem files will remain installed in
/Users/kshaikh/.rvm/gems/ruby-2.0.0-p648/gems/nokogiri-1.6.6.3 for inspection.
Results logged to
/Users/kshaikh/.rvm/gems/ruby-2.0.0-p648/extensions/x86_64-darwin-16/2.0.0/nokogiri-1.6.6.3/gem_make.out

An error occurred while installing nokogiri (1.6.6.3), and Bundler
cannot continue.
Make sure that `gem install nokogiri -v '1.6.6.3'` succeeds before bundling.
kshaikh@Khalids-MacBook-12:~/projects/pingpong-master$ 

