Last login: Sun Jan 22 10:42:21 on ttys002
kshaikh@Khalids-MacBook-12:~$ rvm install 2.2.6 --disable-binary
Checking requirements for osx.
Certificates in '/usr/local/etc/openssl/cert.pem' are already up to date.
Requirements installation successful.
Installing Ruby from source to: /Users/kshaikh/.rvm/rubies/ruby-2.2.6, this may take a while depending on your cpu(s)...
ruby-2.2.6 - #downloading ruby-2.2.6, this may take a while depending on your connection...
  % Total    % Received % Xferd  Average Speed   Time    Time     Time  Current
                                 Dload  Upload   Total   Spent    Left  Speed
100 12.7M  100 12.7M    0     0  2065k      0  0:00:06  0:00:06 --:--:-- 3619k
ruby-2.2.6 - #extracting ruby-2.2.6 to /Users/kshaikh/.rvm/src/ruby-2.2.6....
ruby-2.2.6 - #configuring......................................................-
ruby-2.2.6 - #post-configuration.
ruby-2.2.6 - #compiling........................................................-
ruby-2.2.6 - #installing..........
ruby-2.2.6 - #making binaries executable..
ruby-2.2.6 - #downloading rubygems-2.6.9
ruby-2.2.6 - #extracting rubygems-2.6.9.....
ruby-2.2.6 - #removing old rubygems.........
ruby-2.2.6 - #installing rubygems-2.6.9....................
ruby-2.2.6 - #gemset created /Users/kshaikh/.rvm/gems/ruby-2.2.6@global
ruby-2.2.6 - #importing gemset /Users/kshaikh/.rvm/gemsets/global.gems.........|
ruby-2.2.6 - #generating global wrappers........
ruby-2.2.6 - #gemset created /Users/kshaikh/.rvm/gems/ruby-2.2.6
ruby-2.2.6 - #importing gemsetfile /Users/kshaikh/.rvm/gemsets/default.gems evaluated to empty gem list
ruby-2.2.6 - #generating default wrappers........
ruby-2.2.6 - #adjusting #shebangs for (gem irb erb ri rdoc testrb rake).
Install of ruby-2.2.6 - #complete 
Ruby was built without documentation, to build it run: rvm docs generate-ri
kshaikh@Khalids-MacBook-12:~$ cd projects/
kshaikh@Khalids-MacBook-12:~/projects$ cd pingpong-master/
kshaikh@Khalids-MacBook-12:~/projects/pingpong-master$ gem install bundler
Fetching: bundler-1.14.1.gem (100%)
Bundler and RubyGems.org are free for anyone to use, but maintaining them costs more than $25,000 USD every month. Help us cover those costs so that we can keep the gem ecosystem free for everyone: https://ruby.to/support-bundler
Successfully installed bundler-1.14.1
Parsing documentation for bundler-1.14.1
bundle
Installing ri documentation for bundler-1.14.1
Done installing documentation for bundler after 8 seconds
1 gem installed
kshaikh@Khalids-MacBook-12:~/projects/pingpong-master$ bundle
Fetching gem metadata from https://rubygems.org/..........
Fetching version metadata from https://rubygems.org/..
Fetching dependency metadata from https://rubygems.org/.
Using rake 10.4.2
Installing i18n 0.7.0
Installing json 1.8.3 with native extensions
Installing minitest 5.8.3
Installing thread_safe 0.3.5
Installing builder 3.2.2
Installing erubis 2.7.0
Installing mini_portile 0.6.2
Installing rack 1.6.4
Installing mime-types 2.6.2
Installing arel 6.0.3
Installing bcrypt 3.1.10 with native extensions
Installing debug_inspector 0.0.2 with native extensions
Installing byebug 8.2.0 with native extensions
Installing coffee-script-source 1.10.0
Installing execjs 2.6.0
Installing thor 0.19.1
Installing orm_adapter 0.5.0
Installing devise-bootstrap-views 0.0.6
Using bundler 1.14.1
Installing sass 3.4.19
Installing tilt 2.0.1
Installing spring 1.4.4
Installing sqlite3 1.3.11 with native extensions
Installing tzinfo 1.2.2
Installing nokogiri 1.6.6.3 with native extensions
Installing rack-test 0.6.3
Installing warden 1.2.3
Installing sprockets 3.4.0
Installing mail 2.6.3
Installing binding_of_caller 0.7.2 with native extensions
Installing coffee-script 2.4.1
Installing uglifier 2.7.2
Installing activesupport 4.2.3
Gem::Ext::BuildError: ERROR: Failed to build gem native extension.

current directory:
/Users/kshaikh/.rvm/gems/ruby-2.2.6/gems/nokogiri-1.6.6.3/ext/nokogiri
/Users/kshaikh/.rvm/rubies/ruby-2.2.6/bin/ruby -r
./siteconf20170122-56614-1ob5pyu.rb extconf.rb --use-system-libraries
checking if the C compiler accepts ... yes
checking if the C compiler accepts
-Wno-error=unused-command-line-argument-hard-error-in-future... no
Building nokogiri using system libraries.
libxml2 version 2.6.21 or later is required!
*** extconf.rb failed ***
Could not create Makefile due to some reason, probably lack of necessary
libraries and/or headers.  Check the mkmf.log file for more details.  You may
need configuration options.

Provided configuration options:
	--with-opt-dir
	--with-opt-include
	--without-opt-include=${opt-dir}/include
	--with-opt-lib
	--without-opt-lib=${opt-dir}/lib
	--with-make-prog
	--without-make-prog
	--srcdir=.
	--curdir
	--ruby=/Users/kshaikh/.rvm/rubies/ruby-2.2.6/bin/$(RUBY_BASE_NAME)
	--help
	--clean
	--use-system-libraries
	--with-zlib-dir
	--without-zlib-dir
	--with-zlib-include
	--without-zlib-include=${zlib-dir}/include
	--with-zlib-lib
	--without-zlib-lib=${zlib-dir}/lib
	--with-xml2-dir
	--without-xml2-dir
	--with-xml2-include
	--without-xml2-include=${xml2-dir}/include
	--with-xml2-lib
	--without-xml2-lib=${xml2-dir}/lib
	--with-libxml-2.0-config
	--without-libxml-2.0-config
	--with-pkg-config
	--without-pkg-config
	--with-xslt-dir
	--without-xslt-dir
	--with-xslt-include
	--without-xslt-include=${xslt-dir}/include
	--with-xslt-lib
	--without-xslt-lib=${xslt-dir}/lib
	--with-libxslt-config
	--without-libxslt-config
	--with-exslt-dir
	--without-exslt-dir
	--with-exslt-include
	--without-exslt-include=${exslt-dir}/include
	--with-exslt-lib
	--without-exslt-lib=${exslt-dir}/lib
	--with-libexslt-config
	--without-libexslt-config

To see why this extension failed to compile, please check the mkmf.log which can
be found here:

/Users/kshaikh/.rvm/gems/ruby-2.2.6/extensions/x86_64-darwin-16/2.2.0/nokogiri-1.6.6.3/mkmf.log

extconf failed, exit code 1

Gem files will remain installed in
/Users/kshaikh/.rvm/gems/ruby-2.2.6/gems/nokogiri-1.6.6.3 for inspection.
Results logged to
/Users/kshaikh/.rvm/gems/ruby-2.2.6/extensions/x86_64-darwin-16/2.2.0/nokogiri-1.6.6.3/gem_make.out

An error occurred while installing nokogiri (1.6.6.3), and Bundler
cannot continue.
Make sure that `gem install nokogiri -v '1.6.6.3'` succeeds before bundling.
kshaikh@Khalids-MacBook-12:~/projects/pingpong-master$ ruby --version
ruby 2.2.6p396 (2016-11-15 revision 56800) [x86_64-darwin16]
kshaikh@Khalids-MacBook-12:~/projects/pingpong-master$ 

